// Jest Snapshot v1, https://goo.gl/fbAQLP

exports[`PaginationComponent renders the PaginationComponent correctly 1`] = `
<div>
  <nav
    aria-label="pagination"
    class="mx-auto flex w-full justify-center my-5"
    role="navigation"
  >
    <ul
      class="flex flex-row items-center gap-1"
    >
      <li
        class=""
      >
        <li
          class=""
        >
          <a
            aria-label="Go to previous page"
            class="inline-flex items-center justify-center whitespace-nowrap rounded-md text-sm font-medium ring-offset-background transition-colors focus-visible:outline-none focus-visible:ring-2 focus-visible:ring-ring focus-visible:ring-offset-2 disabled:pointer-events-none disabled:opacity-50 hover:bg-accent hover:text-accent-foreground h-10 px-4 py-2 gap-1 pl-2.5"
            href="#"
          >
            <svg
              class="lucide lucide-chevron-left h-4 w-4"
              fill="none"
              height="24"
              stroke="currentColor"
              stroke-linecap="round"
              stroke-linejoin="round"
              stroke-width="2"
              viewBox="0 0 24 24"
              width="24"
              xmlns="http://www.w3.org/2000/svg"
            >
              <path
                d="m15 18-6-6 6-6"
              />
            </svg>
            <span>
              Previous
            </span>
          </a>
        </li>
      </li>
      <li
        class=""
      >
        <li
          class=""
        >
          <a
            class="inline-flex items-center justify-center whitespace-nowrap rounded-md text-sm font-medium ring-offset-background transition-colors focus-visible:outline-none focus-visible:ring-2 focus-visible:ring-ring focus-visible:ring-offset-2 disabled:pointer-events-none disabled:opacity-50 hover:bg-accent hover:text-accent-foreground h-10 w-10 bg-white text-black"
            href="#"
          >
            1
          </a>
        </li>
         
      </li>
      <li
        class=""
      >
        <li
          class=""
        >
          <a
            class="inline-flex items-center justify-center whitespace-nowrap rounded-md text-sm font-medium ring-offset-background transition-colors focus-visible:outline-none focus-visible:ring-2 focus-visible:ring-ring focus-visible:ring-offset-2 disabled:pointer-events-none disabled:opacity-50 hover:bg-accent hover:text-accent-foreground h-10 w-10"
            href="#"
          >
            2
          </a>
        </li>
         
      </li>
      <li
        class=""
      >
        <li
          class=""
        >
          <a
            class="inline-flex items-center justify-center whitespace-nowrap rounded-md text-sm font-medium ring-offset-background transition-colors focus-visible:outline-none focus-visible:ring-2 focus-visible:ring-ring focus-visible:ring-offset-2 disabled:pointer-events-none disabled:opacity-50 hover:bg-accent hover:text-accent-foreground h-10 w-10"
            href="#"
          >
            3
          </a>
        </li>
         
      </li>
      <li
        class=""
      >
        <li
          class=""
        >
          <a
            class="inline-flex items-center justify-center whitespace-nowrap rounded-md text-sm font-medium ring-offset-background transition-colors focus-visible:outline-none focus-visible:ring-2 focus-visible:ring-ring focus-visible:ring-offset-2 disabled:pointer-events-none disabled:opacity-50 hover:bg-accent hover:text-accent-foreground h-10 w-10"
            href="#"
          >
            4
          </a>
        </li>
         
      </li>
      <li
        class=""
      >
        <li
          class=""
        >
          <a
            class="inline-flex items-center justify-center whitespace-nowrap rounded-md text-sm font-medium ring-offset-background transition-colors focus-visible:outline-none focus-visible:ring-2 focus-visible:ring-ring focus-visible:ring-offset-2 disabled:pointer-events-none disabled:opacity-50 hover:bg-accent hover:text-accent-foreground h-10 w-10"
            href="#"
          >
            5
          </a>
        </li>
         
      </li>
      <li
        class=""
      >
        <span
          aria-hidden="true"
          class="flex h-9 w-9 items-center justify-center"
        >
          <svg
            class="lucide lucide-more-horizontal h-4 w-4"
            fill="none"
            height="24"
            stroke="currentColor"
            stroke-linecap="round"
            stroke-linejoin="round"
            stroke-width="2"
            viewBox="0 0 24 24"
            width="24"
            xmlns="http://www.w3.org/2000/svg"
          >
            <circle
              cx="12"
              cy="12"
              r="1"
            />
            <circle
              cx="19"
              cy="12"
              r="1"
            />
            <circle
              cx="5"
              cy="12"
              r="1"
            />
          </svg>
          <span
            class="sr-only"
          >
            More pages
          </span>
        </span>
      </li>
      <li
        class=""
      >
        <li
          class=""
        >
          <a
            aria-label="Go to next page"
            class="inline-flex items-center justify-center whitespace-nowrap rounded-md text-sm font-medium ring-offset-background transition-colors focus-visible:outline-none focus-visible:ring-2 focus-visible:ring-ring focus-visible:ring-offset-2 disabled:pointer-events-none disabled:opacity-50 hover:bg-accent hover:text-accent-foreground h-10 px-4 py-2 gap-1 pr-2.5"
            href="#"
          >
            <span>
              Next
            </span>
            <svg
              class="lucide lucide-chevron-right h-4 w-4"
              fill="none"
              height="24"
              stroke="currentColor"
              stroke-linecap="round"
              stroke-linejoin="round"
              stroke-width="2"
              viewBox="0 0 24 24"
              width="24"
              xmlns="http://www.w3.org/2000/svg"
            >
              <path
                d="m9 18 6-6-6-6"
              />
            </svg>
          </a>
        </li>
      </li>
    </ul>
  </nav>
</div>
`;
